// Jest Snapshot v1, https://goo.gl/fbAQLP

exports[`snapshot test, folder: default 1`] = `"b9c3c2680fe7aedc7c6512bfb9b74154820f0e3b"`;
